2025-12-17 11:34:59,924 INFO  [org.jboss.modules] (main) JBoss Modules version 2.0.3.Final
2025-12-17 11:35:00,226 INFO  [org.jboss.msc] (main) JBoss MSC version 1.4.13.Final
2025-12-17 11:35:00,229 INFO  [org.jboss.threads] (main) JBoss Threads version 2.4.0.Final
2025-12-17 11:35:00,280 INFO  [org.jboss.as] (MSC service thread 1-2) WFLYSRV0049: WildFly Full 27.0.1.Final (WildFly Core 19.0.1.Final) starting
2025-12-17 11:35:00,281 DEBUG [org.jboss.as.config] (MSC service thread 1-2) Configured system properties:
	[Standalone] = 
	aadClientId = dummy
	aadTenantId = dummy
	file.encoding = UTF-8
	file.separator = /
	ftp.nonProxyHosts = local|*.local|169.254/16|*.169.254/16
	http.nonProxyHosts = local|*.local|169.254/16|*.169.254/16
	java.awt.headless = true
	java.class.path = /Users/johnnycrupi/servers/wildfly-27.0.1.Final/jboss-modules.jar
	java.class.version = 61.0
	java.home = /Users/johnnycrupi/Library/Java/JavaVirtualMachines/ms-17.0.14/Contents/Home
	java.io.tmpdir = /var/folders/w4/b068jh_x6dl43jfzzwd4nwr00000gn/T/
	java.library.path = /Users/johnnycrupi/Library/Java/Extensions:/Library/Java/Extensions:/Network/Library/Java/Extensions:/System/Library/Java/Extensions:/usr/lib/java:.
	java.net.preferIPv4Stack = true
	java.runtime.name = OpenJDK Runtime Environment
	java.runtime.version = 17.0.14+7-LTS
	java.security.manager = allow
	java.specification.maintenance.version = 1
	java.specification.name = Java Platform API Specification
	java.specification.vendor = Oracle Corporation
	java.specification.version = 17
	java.util.logging.manager = org.jboss.logmanager.LogManager
	java.vendor = Microsoft
	java.vendor.url = https://www.microsoft.com
	java.vendor.url.bug = https://github.com/microsoft/openjdk/issues
	java.vendor.version = Microsoft-10800294
	java.version = 17.0.14
	java.version.date = 2025-01-21
	java.vm.compressedOopsMode = Zero based
	java.vm.info = mixed mode, sharing
	java.vm.name = OpenJDK 64-Bit Server VM
	java.vm.specification.name = Java Virtual Machine Specification
	java.vm.specification.vendor = Oracle Corporation
	java.vm.specification.version = 17
	java.vm.vendor = Microsoft
	java.vm.version = 17.0.14+7-LTS
	javax.management.builder.initial = org.jboss.as.jmx.PluggableMBeanServerBuilder
	jboss.bind.address = 127.0.0.1
	jboss.bind.address.management = 127.0.0.1
	jboss.home.dir = /Users/johnnycrupi/servers/wildfly-27.0.1.Final
	jboss.host.name = johnnys-macbook-pro
	jboss.modules.dir = /Users/johnnycrupi/servers/wildfly-27.0.1.Final/modules
	jboss.modules.system.pkgs = org.jboss.byteman
	jboss.node.name = johnnys-macbook-pro
	jboss.qualified.host.name = johnnys-macbook-pro.local
	jboss.server.base.dir = /Users/johnnycrupi/Documents/devel/KickAnalytics/EndeavorVelocity/qto/.wildfly-qto
	jboss.server.config.dir = /Users/johnnycrupi/Documents/devel/KickAnalytics/EndeavorVelocity/qto/.wildfly-qto/configuration
	jboss.server.data.dir = /Users/johnnycrupi/Documents/devel/KickAnalytics/EndeavorVelocity/qto/.wildfly-qto/data
	jboss.server.deploy.dir = /Users/johnnycrupi/Documents/devel/KickAnalytics/EndeavorVelocity/qto/.wildfly-qto/data/content
	jboss.server.log.dir = /Users/johnnycrupi/Documents/devel/KickAnalytics/EndeavorVelocity/qto/.wildfly-qto/log
	jboss.server.name = johnnys-macbook-pro
	jboss.server.persist.config = true
	jboss.server.temp.dir = /Users/johnnycrupi/Documents/devel/KickAnalytics/EndeavorVelocity/qto/.wildfly-qto/tmp
	jboss.socket.binding.port-offset = 100
	jdk.debug = release
	line.separator = 

	logging.configuration = file:/Users/johnnycrupi/Documents/devel/KickAnalytics/EndeavorVelocity/qto/.wildfly-qto/configuration/logging.properties
	module.path = /Users/johnnycrupi/servers/wildfly-27.0.1.Final/modules
	native.encoding = UTF-8
	org.jboss.boot.log.file = /Users/johnnycrupi/Documents/devel/KickAnalytics/EndeavorVelocity/qto/.wildfly-qto/log/server.log
	org.jboss.resolver.warning = true
	os.arch = aarch64
	os.name = Mac OS X
	os.version = 26.1
	path.separator = :
	socksNonProxyHosts = local|*.local|169.254/16|*.169.254/16
	sun.arch.data.model = 64
	sun.boot.library.path = /Users/johnnycrupi/Library/Java/JavaVirtualMachines/ms-17.0.14/Contents/Home/lib
	sun.cpu.endian = little
	sun.io.unicode.encoding = UnicodeBig
	sun.java.command = /Users/johnnycrupi/servers/wildfly-27.0.1.Final/jboss-modules.jar -mp /Users/johnnycrupi/servers/wildfly-27.0.1.Final/modules org.jboss.as.standalone -Djboss.home.dir=/Users/johnnycrupi/servers/wildfly-27.0.1.Final -Djboss.server.base.dir=/Users/johnnycrupi/Documents/devel/KickAnalytics/EndeavorVelocity/qto/.wildfly-qto -b 127.0.0.1 -bmanagement 127.0.0.1 -Djboss.server.base.dir=/Users/johnnycrupi/Documents/devel/KickAnalytics/EndeavorVelocity/qto/.wildfly-qto -Djboss.socket.binding.port-offset=100 -DaadClientId=dummy -DaadTenantId=dummy
	sun.java.launcher = SUN_STANDARD
	sun.jnu.encoding = UTF-8
	sun.management.compiler = HotSpot 64-Bit Tiered Compilers
	user.country = US
	user.dir = /Users/johnnycrupi/Documents/devel/KickAnalytics/EndeavorVelocity/qto
	user.home = /Users/johnnycrupi
	user.language = en
	user.name = johnnycrupi
	user.timezone = America/New_York
2025-12-17 11:35:00,282 DEBUG [org.jboss.as.config] (MSC service thread 1-2) VM Arguments: -D[Standalone] -Xms64m -Xmx512m -XX:MetaspaceSize=96M -XX:MaxMetaspaceSize=256m -Djava.net.preferIPv4Stack=true -Djboss.modules.system.pkgs=org.jboss.byteman -Djava.awt.headless=true --add-exports=java.desktop/sun.awt=ALL-UNNAMED --add-exports=java.naming/com.sun.jndi.ldap=ALL-UNNAMED --add-exports=java.naming/com.sun.jndi.url.ldap=ALL-UNNAMED --add-exports=java.naming/com.sun.jndi.url.ldaps=ALL-UNNAMED --add-exports=jdk.naming.dns/com.sun.jndi.dns=ALL-UNNAMED --add-opens=java.base/java.lang=ALL-UNNAMED --add-opens=java.base/java.lang.invoke=ALL-UNNAMED --add-opens=java.base/java.lang.reflect=ALL-UNNAMED --add-opens=java.base/java.io=ALL-UNNAMED --add-opens=java.base/java.security=ALL-UNNAMED --add-opens=java.base/java.util=ALL-UNNAMED --add-opens=java.base/java.util.concurrent=ALL-UNNAMED --add-opens=java.management/javax.management=ALL-UNNAMED --add-opens=java.naming/javax.naming=ALL-UNNAMED -Djava.security.manager=allow -Dorg.jboss.boot.log.file=/Users/johnnycrupi/Documents/devel/KickAnalytics/EndeavorVelocity/qto/.wildfly-qto/log/server.log -Dlogging.configuration=file:/Users/johnnycrupi/Documents/devel/KickAnalytics/EndeavorVelocity/qto/.wildfly-qto/configuration/logging.properties 
2025-12-17 11:35:00,577 INFO  [org.wildfly.security] (ServerService Thread Pool -- 26) ELY00001: WildFly Elytron version 2.0.0.Final
2025-12-17 11:35:00,692 WARN  [org.jboss.as.controller] (ServerService Thread Pool -- 16) WFLYCTL0481: The runtime dependency package 'io.smallrye.opentracing-contrib' is already registered at location '/subsystem=microprofile-opentracing-smallrye'
2025-12-17 11:35:00,693 WARN  [org.jboss.as.controller] (ServerService Thread Pool -- 16) WFLYCTL0481: The runtime dependency package 'io.smallrye.opentracing-contrib' is already registered at location '/subsystem=microprofile-opentracing-smallrye'
2025-12-17 11:35:00,772 INFO  [org.jboss.as.controller.management-deprecated] (ServerService Thread Pool -- 29) WFLYCTL0028: Attribute 'cluster' in the resource at address '/subsystem=ejb3/service=remote' is deprecated, and may be removed in a future version. See the attribute description in the output of the read-resource-description operation to learn more about the deprecation.
2025-12-17 11:35:00,786 INFO  [org.jboss.as.server.deployment.scanner] (DeploymentScanner-threads - 1) WFLYDS0015: Re-attempting failed deployment mysql-connector-j.jar
2025-12-17 11:35:01,143 INFO  [org.jboss.as.repository] (ServerService Thread Pool -- 19) WFLYDR0001: Content added at location /Users/johnnycrupi/Documents/devel/KickAnalytics/EndeavorVelocity/qto/.wildfly-qto/data/content/99/5fee5f65143c61e6fd27224207582f8121e5ba/content
2025-12-17 11:35:01,149 INFO  [org.jboss.as.server] (Controller Boot Thread) WFLYSRV0039: Creating http management service using socket-binding (management-http)
2025-12-17 11:35:01,155 INFO  [org.xnio] (MSC service thread 1-7) XNIO version 3.8.8.Final
2025-12-17 11:35:01,162 INFO  [org.xnio.nio] (MSC service thread 1-7) XNIO NIO Implementation Version 3.8.8.Final
2025-12-17 11:35:01,173 INFO  [org.wildfly.extension.elytron.oidc._private] (ServerService Thread Pool -- 54) WFLYOIDC0001: Activating WildFly Elytron OIDC Subsystem
2025-12-17 11:35:01,174 INFO  [org.jboss.as.clustering.infinispan] (ServerService Thread Pool -- 56) WFLYCLINF0001: Activating Infinispan subsystem.
2025-12-17 11:35:01,175 INFO  [org.wildfly.extension.io] (ServerService Thread Pool -- 57) WFLYIO001: Worker 'default' has auto-configured to 24 IO threads with 192 max task threads based on your 12 available processors
2025-12-17 11:35:01,175 INFO  [org.jboss.as.jaxrs] (ServerService Thread Pool -- 58) WFLYRS0016: RESTEasy version 6.2.1.Final
2025-12-17 11:35:01,177 INFO  [org.wildfly.extension.health] (ServerService Thread Pool -- 55) WFLYHEALTH0001: Activating Base Health Subsystem
2025-12-17 11:35:01,178 INFO  [org.wildfly.extension.microprofile.config.smallrye] (ServerService Thread Pool -- 66) WFLYCONF0001: Activating MicroProfile Config Subsystem
2025-12-17 11:35:01,178 INFO  [org.wildfly.extension.microprofile.jwt.smallrye] (ServerService Thread Pool -- 67) WFLYJWT0001: Activating MicroProfile JWT Subsystem
2025-12-17 11:35:01,180 WARN  [org.jboss.as.txn] (ServerService Thread Pool -- 76) WFLYTX0013: The node-identifier attribute on the /subsystem=transactions is set to the default value. This is a danger for environments running multiple servers. Please make sure the attribute value is unique.
2025-12-17 11:35:01,185 INFO  [org.jboss.as.naming] (ServerService Thread Pool -- 69) WFLYNAM0001: Activating Naming Subsystem
2025-12-17 11:35:01,185 INFO  [org.wildfly.extension.metrics] (ServerService Thread Pool -- 65) WFLYMETRICS0001: Activating Base Metrics Subsystem
2025-12-17 11:35:01,185 INFO  [org.jboss.as.webservices] (ServerService Thread Pool -- 78) WFLYWS0002: Activating WebServices Extension
2025-12-17 11:35:01,187 INFO  [org.wildfly.extension.microprofile.opentracing] (ServerService Thread Pool -- 68) WFLYTRACEXT0001: Activating MicroProfile OpenTracing Subsystem
2025-12-17 11:35:01,189 INFO  [org.jboss.as.jsf] (ServerService Thread Pool -- 63) WFLYJSF0007: Activated the following Jakarta Server Faces Implementations: [main]
2025-12-17 11:35:01,198 INFO  [org.jboss.as.server.deployment] (MSC service thread 1-4) WFLYSRV0027: Starting deployment of "mysql-connector-j.jar" (runtime-name: "mysql-connector-j.jar")
2025-12-17 11:35:01,199 INFO  [org.jboss.as.server.deployment] (MSC service thread 1-6) WFLYSRV0027: Starting deployment of "qto.war" (runtime-name: "qto.war")
2025-12-17 11:35:01,200 INFO  [org.jboss.as.connector] (MSC service thread 1-2) WFLYJCA0009: Starting Jakarta Connectors Subsystem (WildFly/IronJacamar 1.5.9.Final)
2025-12-17 11:35:01,212 INFO  [org.jboss.as.connector.subsystems.datasources] (ServerService Thread Pool -- 45) WFLYJCA0004: Deploying JDBC-compliant driver class org.h2.Driver (version 2.1)
2025-12-17 11:35:01,216 INFO  [org.jboss.remoting] (MSC service thread 1-1) JBoss Remoting version 5.0.26.Final
2025-12-17 11:35:01,224 INFO  [org.wildfly.extension.undertow] (MSC service thread 1-8) WFLYUT0003: Undertow 2.3.0.Final starting
2025-12-17 11:35:01,229 INFO  [org.jboss.as.connector.deployers.jdbc] (MSC service thread 1-2) WFLYJCA0018: Started Driver service with driver-name = h2
2025-12-17 11:35:01,231 INFO  [org.jboss.as.naming] (MSC service thread 1-3) WFLYNAM0003: Starting Naming Service
2025-12-17 11:35:01,232 INFO  [org.jboss.as.mail.extension] (MSC service thread 1-2) WFLYMAIL0001: Bound mail session [java:jboss/mail/Default]
2025-12-17 11:35:01,245 WARN  [org.wildfly.extension.elytron] (MSC service thread 1-2) WFLYELY00023: KeyStore file '/Users/johnnycrupi/Documents/devel/KickAnalytics/EndeavorVelocity/qto/.wildfly-qto/configuration/application.keystore' does not exist. Used blank.
2025-12-17 11:35:01,257 WARN  [org.wildfly.extension.elytron] (MSC service thread 1-2) WFLYELY01084: KeyStore /Users/johnnycrupi/Documents/devel/KickAnalytics/EndeavorVelocity/qto/.wildfly-qto/configuration/application.keystore not found, it will be auto generated on first use with a self-signed certificate for host localhost
2025-12-17 11:35:01,262 INFO  [org.wildfly.extension.undertow] (ServerService Thread Pool -- 77) WFLYUT0014: Creating file handler for path '/Users/johnnycrupi/servers/wildfly-27.0.1.Final/welcome-content' with options [directory-listing: 'false', follow-symlink: 'false', case-sensitive: 'true', safe-symlink-paths: '[]']
2025-12-17 11:35:01,269 INFO  [org.jboss.as.ejb3] (MSC service thread 1-3) WFLYEJB0481: Strict pool slsb-strict-max-pool is using a max instance size of 192 (per class), which is derived from thread worker pool sizing.
2025-12-17 11:35:01,270 INFO  [org.jboss.as.ejb3] (MSC service thread 1-4) WFLYEJB0482: Strict pool mdb-strict-max-pool is using a max instance size of 48 (per class), which is derived from the number of CPUs on this host.
2025-12-17 11:35:01,273 INFO  [org.wildfly.extension.undertow] (MSC service thread 1-6) WFLYUT0012: Started server default-server.
2025-12-17 11:35:01,274 INFO  [org.wildfly.extension.undertow] (MSC service thread 1-4) Queuing requests.
2025-12-17 11:35:01,276 INFO  [org.wildfly.extension.undertow] (MSC service thread 1-4) WFLYUT0018: Host default-host starting
2025-12-17 11:35:01,306 INFO  [org.wildfly.extension.undertow] (MSC service thread 1-6) WFLYUT0006: Undertow HTTP listener default listening on 127.0.0.1:8180
2025-12-17 11:35:01,334 INFO  [org.jboss.as.ejb3] (MSC service thread 1-2) WFLYEJB0493: Jakarta Enterprise Beans subsystem suspension complete
2025-12-17 11:35:01,338 INFO  [org.wildfly.extension.undertow] (MSC service thread 1-5) WFLYUT0006: Undertow HTTPS listener https listening on 127.0.0.1:8543
2025-12-17 11:35:01,355 INFO  [org.jboss.as.connector.subsystems.datasources] (MSC service thread 1-3) WFLYJCA0001: Bound data source [java:jboss/datasources/qto]
2025-12-17 11:35:01,355 INFO  [org.jboss.as.connector.subsystems.datasources] (MSC service thread 1-1) WFLYJCA0001: Bound data source [java:jboss/datasources/ExampleDS]
2025-12-17 11:35:01,355 INFO  [org.jboss.as.connector.subsystems.datasources] (MSC service thread 1-2) WFLYJCA0001: Bound data source [java:jboss/datasources/platform]
2025-12-17 11:35:01,394 INFO  [org.jboss.as.patching] (MSC service thread 1-8) WFLYPAT0050: WildFly Full cumulative patch ID is: base, one-off patches include: none
